###############################################################################
#
# IAR ELF Linker V8.40.1.212/W32 for ARM                  23/Mar/2024  14:17:17
# Copyright 2007-2019 IAR Systems AB.
#
#    Output file  =  E:\embedded_programming\lesson11\Debug\Exe\project.out
#    Map file     =  E:\embedded_programming\lesson11\Debug\List\project.map
#    Command line =
#        -f C:\Users\LENOVO\AppData\Local\Temp\EWB941.tmp
#        (E:\embedded_programming\lesson11\Debug\Obj\delay.o
#        E:\embedded_programming\lesson11\Debug\Obj\main.o --no_out_extension
#        -o E:\embedded_programming\lesson11\Debug\Exe\project.out --redirect
#        _Printf=_PrintfFullNoMb --redirect _Scanf=_ScanfFullNoMb --map
#        E:\embedded_programming\lesson11\Debug\List\project.map --config
#        E:\embedded_programming\lesson11\project.icf --semihosting --entry
#        __iar_program_start --vfe --text_out locale)
#
###############################################################################

*******************************************************************************
*** RUNTIME MODEL ATTRIBUTES
***

CppFlavor       = *
__SystemLibrary = DLib
__dlib_version  = 6


*******************************************************************************
*** HEAP SELECTION
***

The basic heap was selected because no calls to memory allocation
functions were found in the application outside of system library
functions, and there are calls to deallocation functions in the
application.


*******************************************************************************
*** PLACEMENT SUMMARY
***

"A0":  place at address 0x0 { ro section .intvec };
"P1":  place in [from 0x0 to 0x3'ffff] { ro };
define block CSTACK with size = 1K, alignment = 8 { };
define block HEAP with size = 0, alignment = 8 { };
"P2":  place in [from 0x2000'0000 to 0x2000'7fff] {
          rw, block CSTACK, block HEAP };

  Section          Kind         Address   Size  Object
  -------          ----         -------   ----  ------
"A0":                                     0x40
  .intvec          ro code          0x0   0x40  vector_table_M.o [4]
                                 - 0x40   0x40

"P1":                                    0x1e0
  .text            ro code         0x40   0xe0  main.o [1]
  .text            ro code        0x120   0x14  delay.o [1]
  .text            ro code        0x134   0x3a  zero_init3.o [4]
  .text            ro code        0x16e    0x2  vector_table_M.o [4]
  .text            ro code        0x170   0x28  data_init.o [4]
  .text            ro code        0x198   0x22  fpinit_M.o [3]
  .iar.init_table  const          0x1bc   0x10  - Linker created -
  .text            ro code        0x1cc   0x1e  cmain.o [4]
  .text            ro code        0x1ea    0x4  low_level_init.o [2]
  .text            ro code        0x1ee    0x4  exit.o [2]
  .text            ro code        0x1f4    0xa  cexit.o [4]
  .text            ro code        0x200   0x14  exit.o [5]
  .text            ro code        0x214    0xc  cstartup_M.o [4]
  .rodata          const          0x220    0x0  zero_init3.o [4]
                                - 0x220  0x1e0

"P2", part 1 of 2:                        0x14
  .bss             zero     0x2000'0000    0x4  main.o [1]
  .bss             zero     0x2000'0004    0x4  main.o [1]
  .bss             zero     0x2000'0008    0x4  main.o [1]
  .bss             zero     0x2000'000c    0x2  main.o [1]
  .bss             zero     0x2000'000e    0x2  main.o [1]
  .bss             zero     0x2000'0010    0x1  main.o [1]
  .bss             zero     0x2000'0011    0x1  main.o [1]
                          - 0x2000'0012   0x12

"P2", part 2 of 2:                       0x400
  CSTACK                    0x2000'0018  0x400  <Block>
    CSTACK         uninit   0x2000'0018  0x400  <Block tail>
                          - 0x2000'0418  0x400

Unused ranges:

         From           To      Size
         ----           --      ----
        0x220     0x3'ffff  0x3'fde0
  0x2000'0014  0x2000'0017       0x4
  0x2000'0418  0x2000'7fff    0x7be8


*******************************************************************************
*** INIT TABLE
***

          Address      Size
          -------      ----
Zero (__iar_zero_init3)
    1 destination range, total size 0x12:
          0x2000'0000  0x12



*******************************************************************************
*** MODULE SUMMARY
***

    Module            ro code  ro data  rw data
    ------            -------  -------  -------
command line/config:
    -------------------------------------------
    Total:

E:\embedded_programming\lesson11\Debug\Obj: [1]
    delay.o                20
    main.o                224                18
    -------------------------------------------
    Total:                244                18

dl7M_tln.a: [2]
    exit.o                  4
    low_level_init.o        4
    -------------------------------------------
    Total:                  8

m7M_tls.a: [3]
    fpinit_M.o             34
    -------------------------------------------
    Total:                 34

rt7M_tl.a: [4]
    cexit.o                10
    cmain.o                30
    cstartup_M.o           12
    data_init.o            40
    vector_table_M.o       66
    zero_init3.o           58
    -------------------------------------------
    Total:                216

shb_l.a: [5]
    exit.o                 20
    -------------------------------------------
    Total:                 20

    Gaps                    4        2
    Linker created                  16    1'024
-----------------------------------------------
    Grand Total:          526       18    1'042


*******************************************************************************
*** ENTRY LIST
***

Entry                       Address  Size  Type      Object
-----                       -------  ----  ----      ------
.iar.init_table$$Base         0x1bc         --   Gb  - Linker created -
.iar.init_table$$Limit        0x1cc         --   Gb  - Linker created -
?main                         0x1cd        Code  Gb  cmain.o [4]
CSTACK$$Base            0x2000'0018         --   Gb  - Linker created -
CSTACK$$Limit           0x2000'0418         --   Gb  - Linker created -
Region$$Table$$Base           0x1bc         --   Gb  - Linker created -
Region$$Table$$Limit          0x1cc         --   Gb  - Linker created -
__cmain                       0x1cd        Code  Gb  cmain.o [4]
__exit                        0x201  0x14  Code  Gb  exit.o [5]
__iar_data_init3              0x171  0x28  Code  Gb  data_init.o [4]
__iar_init_vfp                0x199        Code  Gb  fpinit_M.o [3]
__iar_program_start           0x215        Code  Gb  cstartup_M.o [4]
__iar_zero_init3              0x135  0x3a  Code  Gb  zero_init3.o [4]
__low_level_init              0x1eb   0x4  Code  Gb  low_level_init.o [2]
__vector_table                  0x0        Data  Gb  vector_table_M.o [4]
_call_main                    0x1d9        Code  Gb  cmain.o [4]
_exit                         0x1f5        Code  Gb  cexit.o [4]
_main                         0x1e7        Code  Gb  cmain.o [4]
delay                         0x121  0x14  Code  Gb  delay.o [1]
exit                          0x1ef   0x4  Code  Gb  exit.o [2]
main                           0x41  0xe0  Code  Gb  main.o [1]
s32                     0x2000'0008   0x4  Data  Gb  main.o [1]
u16b                    0x2000'000c   0x2  Data  Gb  main.o [1]
u21d                    0x2000'000e   0x2  Data  Gb  main.o [1]
u32e                    0x2000'0000   0x4  Data  Gb  main.o [1]
u32f                    0x2000'0004   0x4  Data  Gb  main.o [1]
u8a                     0x2000'0010   0x1  Data  Gb  main.o [1]
u8b                     0x2000'0011   0x1  Data  Gb  main.o [1]


[1] = E:\embedded_programming\lesson11\Debug\Obj
[2] = dl7M_tln.a
[3] = m7M_tls.a
[4] = rt7M_tl.a
[5] = shb_l.a

    526 bytes of readonly  code memory
     18 bytes of readonly  data memory
  1'042 bytes of readwrite data memory

Errors: none
Warnings: none
