###############################################################################
#
# IAR ELF Linker V8.40.1.212/W32 for ARM                  31/Mar/2024  14:58:54
# Copyright 2007-2019 IAR Systems AB.
#
#    Output file  =  E:\embedded_programming\lesson16\Debug\Exe\project.out
#    Map file     =  E:\embedded_programming\lesson16\Debug\List\project.map
#    Command line =
#        -f C:\Users\LENOVO\AppData\Local\Temp\EW49DB.tmp
#        (E:\embedded_programming\lesson16\Debug\Obj\bsp.o
#        E:\embedded_programming\lesson16\Debug\Obj\main.o
#        E:\embedded_programming\lesson16\Debug\Obj\startup_tm4c.o
#        --no_out_extension -o
#        E:\embedded_programming\lesson16\Debug\Exe\project.out --map
#        E:\embedded_programming\lesson16\Debug\List\project.map --config
#        "C:\Program Files (x86)\IAR Systems\Embedded Workbench
#        8.3\arm\config\linker\TexasInstruments\TM4C123FH6.icf" --semihosting
#        --entry __iar_program_start --vfe --text_out locale)
#
###############################################################################

*******************************************************************************
*** RUNTIME MODEL ATTRIBUTES
***

CppFlavor       = *
__SystemLibrary = DLib
__dlib_version  = 6


*******************************************************************************
*** HEAP SELECTION
***

The basic heap was selected because no calls to memory allocation
functions were found in the application outside of system library
functions, and there are calls to deallocation functions in the
application.


*******************************************************************************
*** PLACEMENT SUMMARY
***

"A0":  place at address 0x0 { ro section .intvec };
"P1":  place in [from 0x0 to 0x3'ffff] { ro };
define block CSTACK with size = 4K, alignment = 8 { };
define block HEAP with size = 8K, alignment = 8 { };
"P2":  place in [from 0x2000'0000 to 0x2000'7fff] {
          rw, block CSTACK, block HEAP };

No sections matched the following patterns:

  rw  in "P2"


  Section   Kind         Address    Size  Object
  -------   ----         -------    ----  ------
"A0":                              0x26c
  .intvec   const            0x0   0x26c  startup_tm4c.o [1]
                         - 0x26c   0x26c

"P1":                              0x19c
  .text     ro code        0x26c    0x60  main.o [1]
  .text     ro code        0x2cc    0x54  startup_tm4c.o [1]
  .text     ro code        0x320    0x38  bsp.o [1]
  .text     ro code        0x358    0x22  fpinit_M.o [3]
  .text     ro code        0x37c    0x1e  cmain.o [4]
  .text     ro code        0x39a     0x4  low_level_init.o [2]
  .text     ro code        0x39e     0x4  exit.o [2]
  .text     ro code        0x3a4     0xa  cexit.o [4]
  .text     ro code        0x3b0    0x14  exit.o [5]
  .rodata   const          0x3c4     0xc  startup_tm4c.o [1]
  .rodata   const          0x3d0     0xc  startup_tm4c.o [1]
  .rodata   const          0x3dc     0xc  startup_tm4c.o [1]
  .rodata   const          0x3e8     0xc  startup_tm4c.o [1]
  .text     ro code        0x3f4     0xc  cstartup_M.o [4]
  .rodata   const          0x400     0x8  startup_tm4c.o [1]
                         - 0x408   0x19c

"P2":                             0x1000
  CSTACK             0x2000'0000  0x1000  <Block>
    CSTACK  uninit   0x2000'0000  0x1000  <Block tail>
                   - 0x2000'1000  0x1000

Unused ranges:

         From           To      Size
         ----           --      ----
        0x408     0x3'ffff  0x3'fbf8
  0x2000'1000  0x2000'7fff    0x7000



*******************************************************************************
*** MODULE SUMMARY
***

    Module            ro code  ro data  rw data
    ------            -------  -------  -------
command line/config:
    -------------------------------------------
    Total:

E:\embedded_programming\lesson16\Debug\Obj: [1]
    bsp.o                  56
    main.o                 96
    startup_tm4c.o         84      676
    -------------------------------------------
    Total:                236      676

dl7M_tln.a: [2]
    exit.o                  4
    low_level_init.o        4
    -------------------------------------------
    Total:                  8

m7M_tls.a: [3]
    fpinit_M.o             34
    -------------------------------------------
    Total:                 34

rt7M_tl.a: [4]
    cexit.o                10
    cmain.o                30
    cstartup_M.o           12
    -------------------------------------------
    Total:                 52

shb_l.a: [5]
    exit.o                 20
    -------------------------------------------
    Total:                 20

    Gaps                    6
    Linker created                        4'096
-----------------------------------------------
    Grand Total:          356      676    4'096


*******************************************************************************
*** ENTRY LIST
***

Entry                     Address   Size  Type      Object
-----                     -------   ----  ----      ------
?main                       0x37d         Code  Gb  cmain.o [4]
BusFault_Handler            0x2eb    0xa  Code  Gb  startup_tm4c.o [1]
CSTACK$$Base          0x2000'0000          --   Gb  - Linker created -
CSTACK$$Limit         0x2000'1000         Data  Gb  - Linker created -
HardFault_Handler           0x2cd    0xa  Code  Gb  startup_tm4c.o [1]
MemManage_Handler           0x2e1    0xa  Code  Gb  startup_tm4c.o [1]
NMI_Handler                 0x2d7    0xa  Code  Gb  startup_tm4c.o [1]
NVIC_SystemReset            0x321   0x1a  Code  Lc  bsp.o [1]
Region$$Table$$Base           0x0          --   Gb  - Linker created -
Region$$Table$$Limit          0x0          --   Gb  - Linker created -
SysTick_Handler             0x341    0xc  Code  Gb  bsp.o [1]
Unused_Handler              0x2ff    0xa  Code  Gb  startup_tm4c.o [1]
UsageFault_Handler          0x2f5    0xa  Code  Gb  startup_tm4c.o [1]
__cmain                     0x37d         Code  Gb  cmain.o [4]
__exit                      0x3b1   0x14  Code  Gb  exit.o [5]
__iar_init_vfp              0x359         Code  Gb  fpinit_M.o [3]
__iar_program_start         0x3f5         Code  Gb  cstartup_M.o [4]
__low_level_init            0x39b    0x4  Code  Gb  low_level_init.o [2]
__vector_table                0x0  0x26c  Data  Gb  startup_tm4c.o [1]
_call_main                  0x389         Code  Gb  cmain.o [4]
_exit                       0x3a5         Code  Gb  cexit.o [4]
_main                       0x397         Code  Gb  cmain.o [4]
assert_failed               0x33b    0x6  Code  Gb  bsp.o [1]
exit                        0x39f    0x4  Code  Gb  exit.o [2]
main                        0x26d   0x60  Code  Gb  main.o [1]


[1] = E:\embedded_programming\lesson16\Debug\Obj
[2] = dl7M_tln.a
[3] = m7M_tls.a
[4] = rt7M_tl.a
[5] = shb_l.a

    356 bytes of readonly  code memory
    676 bytes of readonly  data memory
  4'096 bytes of readwrite data memory

Errors: none
Warnings: none
