###############################################################################
#
# IAR ELF Linker V8.40.1.212/W32 for ARM                  26/Mar/2024  02:38:55
# Copyright 2007-2019 IAR Systems AB.
#
#    Output file  =  E:\embedded_programming\lesson12\Debug\Exe\project.out
#    Map file     =  E:\embedded_programming\lesson12\Debug\List\project.map
#    Command line =
#        -f C:\Users\LENOVO\AppData\Local\Temp\EW6B16.tmp
#        (E:\embedded_programming\lesson12\Debug\Obj\delay.o
#        E:\embedded_programming\lesson12\Debug\Obj\main.o --no_out_extension
#        -o E:\embedded_programming\lesson12\Debug\Exe\project.out --map
#        E:\embedded_programming\lesson12\Debug\List\project.map --config
#        "C:\Program Files (x86)\IAR Systems\Embedded Workbench
#        8.3\arm\CONFIG\generic_cortex.icf" --semihosting --entry
#        __iar_program_start --vfe --text_out locale)
#
###############################################################################

*******************************************************************************
*** RUNTIME MODEL ATTRIBUTES
***

CppFlavor       = *
__SystemLibrary = DLib
__dlib_version  = 6


*******************************************************************************
*** HEAP SELECTION
***

The basic heap was selected because no calls to memory allocation
functions were found in the application outside of system library
functions, and there are calls to deallocation functions in the
application.


*******************************************************************************
*** PLACEMENT SUMMARY
***

"A0":  place at address 0x0 { ro section .intvec };
"P1":  place in [from 0x0 to 0x7'ffff] { ro };
define block CSTACK with size = 1K, alignment = 8 { };
define block PROC_STACK with size = 0, alignment = 8 { };
define block HEAP with size = 2K, alignment = 8 { };
"P2":  place in [from 0x2000'0000 to 0x2000'ffff] {
          rw, block CSTACK, block PROC_STACK, block HEAP };

  Section          Kind         Address   Size  Object
  -------          ----         -------   ----  ------
"A0":                                     0x40
  .intvec          ro code          0x0   0x40  vector_table_M.o [3]
                                 - 0x40   0x40

"P1":                                    0x1a0
  .text            ro code         0x40   0xc4  main.o [1]
  .text            ro code        0x104   0x14  delay.o [1]
  .text            ro code        0x118   0x3a  zero_init3.o [3]
  .text            ro code        0x152    0x2  vector_table_M.o [3]
  .text            ro code        0x154   0x28  data_init.o [3]
  .iar.init_table  const          0x17c   0x10  - Linker created -
  .text            ro code        0x18c   0x1e  cmain.o [3]
  .text            ro code        0x1aa    0x4  low_level_init.o [2]
  .text            ro code        0x1ae    0x4  exit.o [2]
  .text            ro code        0x1b4    0xa  cexit.o [3]
  .text            ro code        0x1c0   0x14  exit.o [4]
  .text            ro code        0x1d4    0xc  cstartup_M.o [3]
  .rodata          const          0x1e0    0x0  zero_init3.o [3]
                                - 0x1e0  0x1a0

"P2", part 1 of 2:                        0x24
  .bss             zero     0x2000'0000    0xc  main.o [1]
  .bss             zero     0x2000'000c    0x8  main.o [1]
  .bss             zero     0x2000'0014    0x8  main.o [1]
  .bss             zero     0x2000'001c    0x4  main.o [1]
  .bss             zero     0x2000'0020    0x4  main.o [1]
                          - 0x2000'0024   0x24

"P2", part 2 of 2:                       0x400
  CSTACK                    0x2000'0028  0x400  <Block>
    CSTACK         uninit   0x2000'0028  0x400  <Block tail>
                          - 0x2000'0428  0x400

Unused ranges:

         From           To      Size
         ----           --      ----
        0x1e0     0x7'ffff  0x7'fe20
  0x2000'0024  0x2000'0027       0x4
  0x2000'0428  0x2000'ffff    0xfbd8


*******************************************************************************
*** INIT TABLE
***

          Address      Size
          -------      ----
Zero (__iar_zero_init3)
    1 destination range, total size 0x24:
          0x2000'0000  0x24



*******************************************************************************
*** MODULE SUMMARY
***

    Module            ro code  ro data  rw data
    ------            -------  -------  -------
command line/config:
    -------------------------------------------
    Total:

E:\embedded_programming\lesson12\Debug\Obj: [1]
    delay.o                20
    main.o                196                36
    -------------------------------------------
    Total:                216                36

dl7M_tln.a: [2]
    exit.o                  4
    low_level_init.o        4
    -------------------------------------------
    Total:                  8

rt7M_tl.a: [3]
    cexit.o                10
    cmain.o                30
    cstartup_M.o           12
    data_init.o            40
    vector_table_M.o       66
    zero_init3.o           58
    -------------------------------------------
    Total:                216

shb_l.a: [4]
    exit.o                 20
    -------------------------------------------
    Total:                 20

    Gaps                    4
    Linker created                  16    1'024
-----------------------------------------------
    Grand Total:          464       16    1'060


*******************************************************************************
*** ENTRY LIST
***

Entry                       Address  Size  Type      Object
-----                       -------  ----  ----      ------
.iar.init_table$$Base         0x17c         --   Gb  - Linker created -
.iar.init_table$$Limit        0x18c         --   Gb  - Linker created -
?main                         0x18d        Code  Gb  cmain.o [3]
CSTACK$$Base            0x2000'0028         --   Gb  - Linker created -
CSTACK$$Limit           0x2000'0428         --   Gb  - Linker created -
Region$$Table$$Base           0x17c         --   Gb  - Linker created -
Region$$Table$$Limit          0x18c         --   Gb  - Linker created -
__cmain                       0x18d        Code  Gb  cmain.o [3]
__exit                        0x1c1  0x14  Code  Gb  exit.o [4]
__iar_data_init3              0x155  0x28  Code  Gb  data_init.o [3]
__iar_program_start           0x1d5        Code  Gb  cstartup_M.o [3]
__iar_zero_init3              0x119  0x3a  Code  Gb  zero_init3.o [3]
__low_level_init              0x1ab   0x4  Code  Gb  low_level_init.o [2]
__vector_table                  0x0        Data  Gb  vector_table_M.o [3]
_call_main                    0x199        Code  Gb  cmain.o [3]
_exit                         0x1b5        Code  Gb  cexit.o [3]
_main                         0x1a7        Code  Gb  cmain.o [3]
delay                         0x105  0x14  Code  Gb  delay.o [1]
exit                          0x1af   0x4  Code  Gb  exit.o [2]
main                           0x41  0xc4  Code  Gb  main.o [1]
p1                      0x2000'001c   0x4  Data  Gb  main.o [1]
p2                      0x2000'0020   0x4  Data  Gb  main.o [1]
t                       0x2000'0000   0xc  Data  Gb  main.o [1]
w                       0x2000'000c   0x8  Data  Gb  main.o [1]
w2                      0x2000'0014   0x8  Data  Gb  main.o [1]


[1] = E:\embedded_programming\lesson12\Debug\Obj
[2] = dl7M_tln.a
[3] = rt7M_tl.a
[4] = shb_l.a

    464 bytes of readonly  code memory
     16 bytes of readonly  data memory
  1'060 bytes of readwrite data memory

Errors: none
Warnings: none
